[38;2;97;97;97m⠋ Implementing — a gist that is deliberately wider than the acti… (0.0s)[0m
[38;2;97;97;97m⠙ Implementing — a gist that is deliberately wider than the acti… (0.2s)[0m
[38;2;97;97;97m⠹ Implementing — a gist that is deliberately wider than the acti… (0.5s)[0m
[38;2;97;97;97m⠸ Implementing — a gist that is deliberately wider than the acti… (0.8s)[0m
[38;2;97;97;97m⠼ Implementing — a gist that is deliberately wider than the acti… (1.0s)[0m
[38;2;133;133;133m⠴ Implementing — a gist that is deliberately wider than the acti… (1.2s)[0m
[38;2;133;133;133m⠦ Implementing — a gist that is deliberately wider than the acti… (1.5s)[0m
[38;2;133;133;133m⠧ Implementing — a gist that is deliberately wider than the acti… (1.8s)[0m
[38;2;133;133;133m⠇ Implementing — a gist that is deliberately wider than the acti… (2.0s)[0m
[38;2;133;133;133m⠏ Implementing — a gist that is deliberately wider than the acti… (2.2s)[0m
[38;2;97;97;97m⠋ Implementing — a gist that is deliberately wider than the acti… (2.5s)[0m
[38;2;97;97;97m⠙ Implementing — a gist that is deliberately wider than the acti… (2.8s)[0m
[38;2;97;97;97m⠹ Implementing — a gist that is deliberately wider than the acti… (3.0s)[0m
[38;2;97;97;97m⠸ Implementing — a gist that is deliberately wider than the acti… (3.2s)[0m
[38;2;97;97;97m⠼ Implementing — a gist that is deliberately wider than the acti… (3.5s)[0m
