[1;38;2;125;211;252mIterations: 2[0m
[38;2;97;97;97mFinal verdict: revise[0m
[38;2;97;97;97mSummary: The implement loop needs one more focused correction.[0m
[1;38;2;125;211;252mNit findings:[0m
[38;2;97;97;97m- [nit] internal/ui/ui_test.go:1 — Add the command-level golden.[0m
[38;2;97;97;97mWorktree: /tmp/syl-worktree[0m
[38;2;97;97;97mRemove worktree: git worktree remove --force /tmp/syl-worktree[0m
[1;38;2;125;211;252mDiff stat:[0m
[38;2;97;97;97m internal/ui/review.go | 12 ++++--------[0m
[38;2;97;97;97m 1 file changed, 4 insertions(+), 8 deletions(-)[0m
